// Jest Snapshot v1, https://goo.gl/fbAQLP

exports[`employee create form when submitted when creation fails shows an error message 1`] = `"<p class=\\"error ng-scope\\" ng-if=\\"$ctrl.hasError\\">Something went wrong!</p>"`;
