// Jest Snapshot v1, https://goo.gl/fbAQLP

exports[`loginComponent when submitted when logging in fails shows an error message 1`] = `"<p ng-if=\\"$ctrl.hasError\\" class=\\"error ng-scope\\">Something went wrong!</p>"`;
