// Jest Snapshot v1, https://goo.gl/fbAQLP

exports[`initComponent displays a loading message 1`] = `"<p class=\\"loading\\">Loading...</p>"`;
